[package]
name = "single-project"
version =  "1.33.7" #comment 
edition = "2021"

# See more keys and their definitions at https://doc.rust-lang.org/cargo/reference/manifest.html

[dependencies]
